[   0.000000] Initializing cgroup subsys cpuset
[    0.000000] Initializing cgroup subsys cpu
[    0.000000] Initializing groupsuyys cpuacct
[    0.00000 Lnux vesion 4.4.0112-generic (buildd@lgw01-amd64-010) (gcc version 5.4.0 20609 (Unt 5.40-ubntu16.4.5) )#15-Ubnt SP i an 19 11::36 C 01(Uuntu4.0-1113-genri4.4.98
[    0000000Comman lne: OOT_MAGE/botmlnuz-.4-112-genri rootABEL=couimg-rotfs o onsoltt1 cosoe=ttyS0
[    0.00000] KERNE spportd cpus:
[    0000000]   IntelGeuineIntel
[    0.000000]   AMD AuthenticAMD
[    0.000000]   Centaur CntaurHauls
[    0.0000000] x86/fp: xstateoffset[2]:  57, xstat_szes[2]:  256
[    0.00000] x86/fpu: Suporting XSAE eaur 001'x87flatng pont restrs'[   0.0000 x86pu: uporti XSA feate 0x2: 'SE reisters'
[    0.000000] x8/fpu: Supprtg XSAVE feature 0x04: 'VXreisters'
[     00000] 86pu: naed xsttefeatures 0x7cotextiz i83 byt, usngstanar form.
[  0.00000] x8/fu: Using'lzy' U onexswitch.
[   .00000e820: IO-pridd hyical R mp:
  0.0000] BI-e820:[mm 0000000000-0x0000000fbffusale    0.000] BI-e82 [mem 0x000000000009fc00-0x000000000009ffff] reserved
[    0.00000] BIOS-e820 [em 0x000000000f000x00000000ffff] reserv
    00000 BS-e820[mm x00000000100-0000000fffff]sale[   .0000]BI-e820: [mm x0000003ff0000x0000000ffff] CPI ta
[   00000] OS-e20[memx000000c0000-000000ec00ff rserd
[   .0000]BIOS-e82: [mem 0x00000000fee00000-0x00000000fee00fff] reserved
[    000000]BIOS-e820: [mm 0x000000fffc0000-0x0000000fffffff]eserved
[    0.000000] NX (Execute Disable) protection: active
[    0.000000] SMBIOS 2.5 present.
[    0.000000] Hypervisor detected: KVM
[    0.000000] e820: last_pfn = 0x3fff0 max_arch_pfn = 0x400000000
[  0.0000 MTRRDiabled
[  0.0000 x86PA: MTR disabled, skipping PAT initalzation to
[    0.0000] CPUTRRsalblank - iruazed system
[    .000000x86/T:Confguatio [0-]:WB WT UCUC  WB W  C- UC  
[  0.0000 fund SP P-tablat [me 00009ff-0x0009ffff] mapped at [ffff88000009fff0]
[    0.000000] Scanning 1 areas for low memory corruptn
[   .00000]AMDISK: [m x36adc000x3755ff]
   0.0000] ACPI:Eay table cheksum verification disabled
[    0.000000] ACPI: SDP 0x000000000E0000 000024 (v02 VBOX)
    000000ACI: XSD0x000003FF030 003 (1 VBX   BOXXT 00000001 ASL  00000061)
[    0.00000] ACPI: FACP 0000003FFF00F0 0000F4 (v04 VBOX   VBOXFACP00001 ASL000001)
[    0.000000] ACPI: DSDT 0x000000003FFF0470 0021FF(v2 VOX  BOXBS 00002 INL 0152)
[  0.00000 ACP: FACS0x000000FF02 00040
[   .0000]AC: FACS0x000000FF02000040    0.0000] CP: APICx00000003F0240 005C (2 BOX   VXAIIC 00001 ASL 000006
[    0.000] AC: SDT 000000FFF00 00C v01 VB  VBCPT 00002 TL 201052
[   0.000] No NMAconguratin oud
[  0.0000Faking aode t mem x000000000000-0x000000003ffeff]
   000000] ODDATA0) allocatd mem 0xfe00-0x3ffeff]
    0.000] kvm-coc Usi msrsb54d1 d 4b640
[  0000000kvm-clk: cu , ms0:3ff301, pmarycp coc
[   0.0000 kvm-coc: sig scheoffs of 80692132cyles
[   000000] cloksurc: m-clock:ma: 0xfffffffffff max_cycles: 0x1cd42e4dffb, ax_dle_ns 815051483 s[   0.0000]one ngs:
[    0.0000]  DMA    [me0x00000000001000-0x000000000ffffff
[    0.0000] DMA32    [mem 0x0000000001000000-0x0000003ffeff]
[    0000000]   ormal   empty
[    0.000000]  Devce  epty
[    0.000000] Mvable zon sartfor each node
[   0.0000] arly meory node ranes
[  0.00000]   node   0: [mem 0x00000000000100-0x0000000009fff]
[   .000000  no  0: mem 0x000000001000-0000003ffff]    0.000] itemetp no 0[m 000000000100-0x000003effff]    0.0000] PI PM-me IPot: 0408    0.0000] IPI[0]:pi_id  verio32, ares 0xc00000,SI0-23[  00000 ACPI:IN_S_OR (bs  bus_irq  glbal_irq 2 dfl dfl)
[   .00000ACPI:NTSR_OR bus 0 usrq 9glal_i 9lo lel)
[    0.0000 Usg CPI MAT) for MPonfiraio iormaon
[  000000] mpboot: llowng CPU 0hotpg PUs[   0.000] P Rgited nosavmemry: em0x00000-0x00fff
   0.0000 PM:egstednosa mmory [em0x0009000-x009ff]
[   0.0000PM Regtered save mor: em0x00000-00efff][  00000] M: Risered nsa memy:[mem 00f00-x000ffff
[   .0000]820: [m 0x40000000-0xfebfffff] availble fo PC dvies
[   0.0000Botinpaavrtalzedkenelon K
    0.0000] ocsour: efinejifies: mask0xffffffmax_cyle: ffffff, axdle_: 7645196021156ns
[   .0000]seupercpu N_CPU:51 n_cpuma_bts12nr_cpu_ds2 nrno_ids:1
   0.000] PEPU: mbedd 34paes/cu ffff8803f00000s99544 r8192 3128u18576
[  0.00000] V pilock hash tae ntries: 256 (order:0,096 btes)
[   00000] Bil1 zolits i Ne orde mobilitgrouinon. otl ag: 2573
[   0000] Poli zone: DMA32
[    0.000000] Kernel command line:BOT_MA==/boot/vmlinuz-4.40-112-generic root=LABEL=coudim-rtfs ro nsole=tty1 conse=tyS0
[  0.000000] PIDhah tleenri: 4096 (ordr:3, 327 bytes)
[   0.0000] Memory: 100140/1048120K available (8499K kernel code, 19K rwta, 3988Kodata, 1508K init, 1316K bss, 4638K eserv, 0K cmreseed)
[    0.00000]LUB: Wagn=64 Oder=0-3, MinObct=0, PUs2,Nodes=
[    000000] Kernel/User page tables isolation: enabled
[    0.000000] Hierarchical RCU implementation.
[    0.000000] 	Build-time adjustment of leaf fanout to 64.
[    0.000000] RCU restricting CPUs fro N_CPS=512 to nr_cpu_ids=2.
[    0.00000 RCU Ajutig geometry for ru_ant_leaf64, nr_cu_ds=2
[   .00000] NR_IRQS:302 nr_iqs40 16[    0.0000 Consol: olo VA+0x5[   0.000] csoe ty] enle
[  00000 consoe ttyS0] enabld[    0.000000] tsc: Detected 1600.000 MHz processor
[   31.372290] Calibrating delay loop (skipped) preset value.. 3200.00 BogoMIPS (lpj=6400000)
[   31.502230] pid_max: default: 32768 minimum: 301
[   31.556821] ACPI: Core revision 20150930
[   31.590983] ACPI: 2 ACPI AML tables successfully acquired and loaded
[   31.662068] Security Framework initialized
[   31.713907] Yama: becoming mindful.
[   31.740694] AppArmor: AppArmor initialized
[   31.781592] Dentry cache hash table entries: 131072 (order: 8, 1048576 bytes)
[   31.855801] Inode-cache hash table entries: 65536 (order: 7, 524288 bytes)
[   31.928905] Mount-cache hash table entries: 2048 (order: 2, 16384 bytes)
[   32.014917] Mountpoint-cache hash table entries: 2048 (order: 2, 16384 bytes)
[   32.081329] Initializing cgroup subsys io
[   32.129187] Initializing cgroup subsys memory
[   32.164761] Initializing cgroup subsys devices
[   32.223927] Initializing cgroup subsys freezer
[   32.262179] Initializing cgroup subsys net_cls
[   32.279120] Initializing cgroup subsys perf_event
[   32.357063] Initializing cgroup subsys net_prio
[   32.447428] Initializing cgroup subsys hugetlb
[   32.541751] Initializing cgroup subsys pids
[   32.637321] CPU: Physical Processor ID: 0
[   32.734998] CPU: Processor Core ID: 0
[   32.821090] FEATURE SPEC_CTRL Not Present
[   32.898280] mce: CPU supports 0 MCE banks
[   32.989618] Last level iTLB entries: 4KB 64, 2MB 8, 4MB 8
[   33.090090] Last level dTLB entries: 4KB 64, 2MB 0, 4MB 0, 1GB 4
[   33.223337] Freeing SMP alternatives memory: 32K
[   33.345935] ftrace: allocating 32180 entries in 126 pages
[   33.506680] smpboot: APIC(0) Converting physical 0 to logical package 0
[   33.573380] smpboot: Max logical packages: 1
[   33.617667] x2apic enabled
[   33.631028] Switched APIC routing to physical x2apic.
[   33.664340] ..TIMER: vector=0x30 apic1=0 pin1=2 apic2=-1 pin2=-1
[   33.882019] APIC calibration not consistent with PM-Timer: 102ms instead of 100ms
[   33.966165] APIC delta adjusted to PM-Timer: 6249826 (6385367)
[   34.017937] smpboot: CPU0: Intel(R) Core(TM) i5-5250U CPU @ 1.60GHz (family: 0x6, model: 0x3d, stepping: 0x4)
[   34.114899] Performance Events: unsupported p6 CPU model 61 no PMU driver, software events only.
[   34.191647] KVM setup paravirtual spinlock
[   34.238842] x86: Booting SMP configuration:
[   34.296117] .... node  #0, CPUs:      #1
[   34.332821] kvm-clock: cpu 1, msr 0:3ffe3041, secondary cpu clock
[   34.392957] mce: CPU supports 0 MCE banks
[   34.428643] x86: Booted up 1 node, 2 CPUs
[   34.514246] smpboot: Total of 2 processors activated (6400.00 BogoMIPS)
[   34.601074] devtmpfs: initialized
[   34.657311] evm: security.selinux
[   34.711274] evm: security.SMACK64
[   34.763371] evm: security.SMACK64EXEC
[   34.831445] evm: security.SMACK64TRANSMUTE
[   34.926085] evm: security.SMACK64MMAP
[   34.963387] evm: security.ima
[   35.002161] evm: security.capability
[   35.006609] clocksource: jiffies: mask: 0xffffffff max_cycles: 0xffffffff, max_idle_ns: 7645041785100000 ns
[   35.104229] futex hash table entries: 512 (order: 3, 32768 bytes)
[   35.181981] pinctrl core: initialized pinctrl subsystem
[   35.242770] RTC time: 21:27:18, date: 01/31/18
[   35.322081] NET: Registered protocol family 16
[   35.414958] cpuidle: using governor ladder
[   35.523671] cpuidle: using governor menu
[   35.607211] PCCT header not found.
[   35.681999] ACPI: bus type PCI registered
[   35.762639] acpiphp: ACPI Hot Plug PCI Controller Driver version: 0.5
[   35.797223] PCI: Using configuration type 1 for base access
[   35.931725] ACPI: Added _OSI(Module Device)
[   36.017198] ACPI: Added _OSI(Processor Device)
[   36.094733] ACPI: Added _OSI(3.0 _SCP Extensions)
[   36.159981] ACPI: Added _OSI(Processor Aggregator Device)
[   36.263899] ACPI: Executed 1 blocks of module-level executable AML code
[   36.381132] ACPI: Interpreter enabled
[   36.422374] ACPI: (supports S0 S5)
[   36.495407] ACPI: Using IOAPIC for interrupt routing
[   36.616706] PCI: Using host bridge windows from ACPI; if necessary, use "pci=nocrs" and report a bug
[   36.786048] ACPI: PCI Root Bridge [PCI0] (domain 0000 [bus 00-ff])
[   36.903026] acpi PNP0A03:00: _OSC: OS supports [ASPM ClockPM Segments MSI]
[   37.045241] acpi PNP0A03:00: _OSC: not requesting OS control; OS requires [ExtendedConfig ASPM ClockPM MSI]
[   37.181419] acpi PNP0A03:00: fail to add MMCONFIG information, can't access extended PCI configuration space under this bridge.
[   37.280370] PCI host bridge to bus 0000:00
[   37.314680] pci_bus 0000:00: root bus resource [io  0x0000-0x0cf7 window]
[   37.382592] pci_bus 0000:00: root bus resource [io  0x0d00-0xffff window]
[   37.441796] pci_bus 0000:00: root bus resource [mem 0x000a0000-0x000bffff window]
[   37.481444] pci_bus 0000:00: root bus resource [mem 0x40000000-0xfdffffff window]
[   37.519334] pci_bus 0000:00: root bus resource [bus 00-ff]
[   37.565860] pci 0000:00:01.1: legacy IDE quirk: reg 0x10: [io  0x01f0-0x01f7]
[   37.607127] pci 0000:00:01.1: legacy IDE quirk: reg 0x14: [io  0x03f6]
[   37.671494] pci 0000:00:01.1: legacy IDE quirk: reg 0x18: [io  0x0170-0x0177]
[   37.729582] pci 0000:00:01.1: legacy IDE quirk: reg 0x1c: [io  0x0376]
[   37.792314] pci 0000:00:07.0: quirk: [io  0x4000-0x403f] claimed by PIIX4 ACPI
[   37.863366] pci 0000:00:07.0: quirk: [io  0x4100-0x410f] claimed by PIIX4 SMB
[   37.918777] ACPI: PCI Interrupt Link [LNKA] (IRQs 5 9 10 *11)
[   37.979971] ACPI: PCI Interrupt Link [LNKB] (IRQs 5 9 *10 11)
[   38.022765] ACPI: PCI Interrupt Link [LNKC] (IRQs 5 *9 10 11)
[   38.065682] ACPI: PCI Interrupt Link [LNKD] (IRQs 5 9 10 *11)
[   38.138132] ACPI: Enabled 2 GPEs in block 00 to 07
[   38.190105] vgaarb: setting as boot device: PCI:0000:00:02.0
[   38.223570] vgaarb: device added: PCI:0000:00:02.0,decodes=io+mem,owns=io+mem,locks=none
[   38.272522] vgaarb: loaded
[   38.280945] vgaarb: bridge control possible 0000:00:02.0
[   38.297369] SCSI subsystem initialized
[   38.365932] ACPI: bus type USB registered
[   38.453810] usbcore: registered new interface driver usbfs
[   38.586831] usbcore: registered new interface driver hub
[   38.683519] usbcore: registered new device driver usb
[   38.799327] PCI: Using ACPI for IRQ routing
[   38.867544] NetLabel: Initializing
[   38.925891] NetLabel:  domain hash size = 128
[   39.000413] NetLabel:  protocols = UNLABELED CIPSOv4
[   39.111707] NetLabel:  unlabeled traffic allowed by default
[   39.226178] amd_nb: Cannot enumerate AMD northbridges
[   39.326232] clocksource: Switched to clocksource kvm-clock
[   9.80674] AppArmr:ppmoFisyemnabled
[ 39680]npPnP PIni
  0.24] p:nPCP fnd dic
[   41.009038] clocksource: acpi_pm: mask: 0xffffff max_cycles: 0xffffff, max_idle_ns: 2085701024 ns
[   41.095106] NET: Registered protocol family 2
[   41.202028] TCP established hash table entries: 8192 (order: 4, 65536 bytes)
[   41.338512] TCP bind hash table entries: 8192 (order: 5, 131072 bytes)
[   41.475703] TCP: Hash tables configured (established 8192 bind 8192)
[   41.605505] UDP hash table entries: 512 (order: 2, 16384 bytes)
[   41.707095] UDP-Lite hash table entries: 512 (order: 2, 16384 bytes)
[   41.744663] NET: Registered protocol family 1
[   41.769948] pci 0000:00:00.0: Limiting direct PCI/PCI transfers
[   41.786995] pci 0000:00:01.0: Activating ISA DMA hang workarounds
[   41.809985] Unpacking initramfs...
[   44.281948] Freeing initrd memory: 10792K
[   44.356284] RAPL PMU detected, API unit is 2^-32 Joules, 4 fixed counters 10737418240 ms ovfl timer
[   44.520595] hw unit of domain pp0-core 2^-0 Joules
[   44.615469] hw unit of domain package 2^-0 Joules
[   44.713928] hw unit of domain dram 2^-0 Joules
[   44.827228] hw unit of domain pp1-gpu 2^-0 Joules
[   .979] laformtcmo riser ptfm C vi ( P dice fnd
[ 45955319ts RfiedSClosocealraon15.951 M
[   45.955321] clocksource: tsc: mask: 0xffffffffffffffff max_cycles: 0x170c4605616, max_idle_ns: 440795226790 ns
[   47.211143] Scanning for low memory corruption every 60 seconds
[   47.335050] audit: initializing netlink subsys (disabled)
[   47.399139] audit: type=2000 audit(1517434018.134:1): initialized
[   47.434934] Initialise system trusted keyring
[   47.458208] HugeTLB registered 2 MB page size, pre-allocated 0 pages
[   47.484630] zbud: loaded
[   47.536674] VFS: Disk quotas dquot_6.6.0
[   47.581169] VFS: Dquot-cache hash table entries: 512 (order 0, 4096 bytes)
[   47.646944] squashfs: version 4.0 (2009/01/31) Phillip Lougher
[   47.706501] fuse init (API version 7.23)
[   47.736507] Key type big_key registered
[   47.814957] Allocating IMA MOK and blacklist keyrings.
[   47.902018] Key type asymmetric registered
[   47.946757] Asymmetric key parser 'x509' registered
[   47.998165] Block layer SCSI generic (bsg) driver version 0.4 loaded (major 249)
[   48.098848] io scheduler noop registered
[   48.186497] io scheduler deadline registered (default)
[   48.287083] io scheduler cfq registered
[   48.352495] pci_hotplug: PCI Hot Plug PCI Core version: 0.5
[   48.467071] pciehp: PCI Express Hot Plug Controller Driver version: 0.4
[   48.576680] ACPI: AC Adapter [AC] (on-line)
[   48.618402] input: Power Button as /devices/LNXSYSTM:00/LNXPWRBN:00/input/input0
[   48.735825] ACPI: Power Button [PWRF]
[   48.793947] input: Sleep Button as /devices/LNXSYSTM:00/LNXSLPBN:00/input/input1
[   48.964682] ACPI: Sleep Button [SLPF]
[   49.044884] GHES: HEST is not enabled!
[   49.048283] ACPI: Battery Slot [BAT0] (battery present)
[   49.262032] Serial: 8250/16550 driver, 32 ports, IRQ sharing enabled
ÿ[   49.454349] 00:02: ttyS0 at I/O 0x3f8 (irq = 4, base_baud = 115200) is a 16550A
[   49.548004] Linux agpgart interface v0.103
[   49.614770] loop: module loaded
[   49.669531] scsi host0: ata_piix
[   49.724496] scsi host1: ata_piix
[   49.786290] ata1: PATA max UDMA/33 cmd 0x1f0 ctl 0x3f6 bmdma 0xd000 irq 14
[   49.938455] ata2: PATA max UDMA/33 cmd 0x170 ctl 0x376 bmdma 0xd008 irq 15
[   50.089996] libphy: Fixed MDIO Bus: probed
[   50.150348] tun: Universal TUN/TAP device driver, 1.6
[   50.239417] tun: (C) 1999-2004 Max Krasnyansky <maxk@qualcomm.com>
[   50.334569] PPP generic driver version 2.4.2
[   50.390375] ehci_hcd: USB 2.0 'Enhanced' Host Controller (EHCI) Driver
[   50.475134] ehci-pci: EHCI PCI platform driver
[   50.543648] ehci-platform: EHCI generic platform driver
[   50.647694] ohci_hcd: USB 1.1 'Open' Host Controller (OHCI) Driver
[   50.747238] ohci-pci: OHCI PCI platform driver
[   50.847270] ohci-platform: OHCI generic platform driver
[   50.908308] uhci_hcd: USB Universal Host Controller Interface driver
[   50.989718] i8042: PNP: PS/2 Controller [PNP0303:PS2K,PNP0f03:PS2M] at 0x60,0x64 irq 1,12
[   51.182312] serio: i8042 KBD port at 0x60,0x64 irq 1
[   51.324031] serio: i8042 AUX port at 0x60,0x64 irq 12
[   51.419905] mousedev: PS/2 mouse device common for all mice
[   51.562044] rtc_cmos rtc_cmos: rtc core: registered rtc_cmos as rtc0
[   51.745172] rtc_cmos rtc_cmos: alarms up to one day, 114 bytes nvram
[   51.818586] i2c /dev entries driver
[   51.834226] input: AT Translated Set 2 keyboard as /devices/platform/i8042/serio0/input/input2
[   51.867222] device-mapper: uevent: version 1.0.3
[   51.903881] device-mapper: ioctl: 4.34.0-ioctl (2015-10-28) initialised: dm-devel@redhat.com
[   51.950596] ledtrig-cpu: registered to indicate activity on CPUs
[   52.059826] NET: Registered protocol family 10
[   52.088036] NET: Registered protocol family 17
[   52.121397] Key type dns_resolver registered
[   52.132963] microcode: CPU0 sig=0x306d4, pf=0x40, revision=0x0
[   52.171881] microcode: CPU1 sig=0x306d4, pf=0x40, revision=0x0
[   52.183553] microcode: Microcode Update Driver: v2.01 <tigran@aivazian.fsnet.co.uk>, Peter Oruba
[   52.204826] registered taskstats version 1
[   52.211118] Loading compiled-in X.509 certificates
[   52.240996] Loaded X.509 cert 'Build time autogenerated kernel key: 4c603087bab8f0a02cb3b4e1fb4c40f507e71ef1'
[   52.272271] zswap: loaded using pool lzo/zbud
[   52.306156] Key type trusted registered
[   52.337517] Key type encrypted registered
[   52.367399] AppArmor: AppArmor sha1 policy hashing enabled
[   52.388017] ima: No TPM chip found, activating TPM-bypass!
[   52.417980] evm: HMAC attrs: 0x1
[   52.443747]   Magic number: 2:454:501
[   52.480476] rtc_cmos rtc_cmos: setting system clock to 2018-01-31 21:27:35 UTC (1517434055)
[   52.557258] BIOS EDD facility v0.16 2004-Jun-25, 0 devices found
[   52.626839] EDD information not available.
[   52.645001] Freeing unused kernel memory: 1508K
[   52.681049] Write protecting the kernel read-only data: 14336k
[   52.747180] Freeing unused kernel memory: 1728K
[   52.771804] Freeing unused kernel memory: 108K
Loading, please wait...
[   52.849424] random: systemd-udevd: uninitialized urandom read (16 bytes read, 7 bits of entropy available)
starting version[   52.850245] random: udevadm: uninitialized urandom read (16 bytes read, 7 bits of entropy available)
 229
[   52.850325] random: udevadm: uninitialized urandom read (16 bytes read, 7 bits of entropy available)
[   52.864683] random: udevadm: uninitialized urandom read (16 bytes read, 7 bits of entropy available)
[   52.864742] random: udevadm: uninitialized urandom read (16 bytes read, 7 bits of entropy available)
[   52.865039] random: udevadm: uninitialized urandom read (16 bytes read, 7 bits of entropy available)
[   52.865158] random: udevadm: uninitialized urandom read (16 bytes read, 7 bits of entropy available)
[   52.865271] random: udevadm: uninitialized urandom read (16 bytes read, 7 bits of entropy available)
[   52.865366] random: udevadm: uninitialized urandom read (16 bytes read, 7 bits of entropy available)
[   52.865442] random: udevadm: uninitialized urandom read (16 bytes read, 7 bits of entropy available)
[   54.060185] e1000: Intel(R) PRO/1000 Network Driver - version 7.3.21-k8-NAPI
[   54.109395] e1000: Copyright (c) 1999-2006 Intel Corporation.
[   54.241382] Fusion MPT base driver 3.04.20
[   54.270743] Copyright (c) 1999-2008 LSI Corporation
[   54.304152] Fusion MPT SPI Host driver 3.04.20
[   54.318087] mptbase: ioc0: Initiating bringup
[   54.385144] AVX2 version of gcm_enc/dec engaged.
[   54.405319] AES CTR mode by8 optimization enabled
[   54.445079] ioc0: LSI53C1030 A0: Capabilities={Initiator}
[   54.833169] input: ImExPS/2 Generic Explorer Mouse as /devices/platform/i8042/serio1/input/input4
[   55.467327] scsi host2: ioc0: LSI53C1030 A0, FwRev=00000000h, Ports=1, MaxQ=256, IRQ=20
[   56.986172] scsi 2:0:0:0: Direct-Access     VBOX     HARDDISK         1.0  PQ: 0 ANSI: 5
[   58.951505] floppy0: no floppy controllers found
[   59.044501] scsi target2:0:0: Beginning Domain Validation
[   59.192650] scsi target2:0:0: Domain Validation skipping write tests
[   59.252948] scsi target2:0:0: Ending Domain Validation
[   59.327060] scsi target2:0:0: asynchronous
[   59.400399] scsi 2:0:1:0: Direct-Access     VBOX     HARDDISK         1.0  PQ: 0 ANSI: 5
[   59.454811] scsi target2:0:1: Beginning Domain Validation
[   59.574894] scsi target2:0:1: Domain Validation skipping write tests
[   59.703283] scsi target2:0:1: Ending Domain Validation
[   59.808720] scsi target2:0:1: asynchronous
[   59.825266] e1000 0000:00:03.0 eth0: (PCI:33MHz:32-bit) 02:db:14:78:b4:e6
[   59.825271] e1000 0000:00:03.0 eth0: Intel(R) PRO/1000 Network Connection
[   60.075872] sd 2:0:0:0: Attached scsi generic sg0 type 0
[   60.093418] sd 2:0:0:0: [sda] 20971520 512-byte logical blocks: (10.7 GB/10.0 GiB)
[   60.181282] sd 2:0:1:0: Attached scsi generic sg1 type 0
[   60.217705] sd 2:0:1:0: [sdb] 20480 512-byte logical blocks: (10.5 MB/10.0 MiB)
[   60.265548] sd 2:0:0:0: [sda] Write Protect is off
[   60.287417] sd 2:0:1:0: [sdb] Write Protect is off
[   60.325239] sd 2:0:0:0: [sda] Incomplete mode parameter data
[   60.349130] sd 2:0:0:0: [sda] Assuming drive cache: write through
[   60.378940]  sda: sda1
[   60.380575] sd 2:0:1:0: [sdb] Incomplete mode parameter data
[   60.380577] sd 2:0:1:0: [sdb] Assuming drive cache: write through
[   60.468267] sd 2:0:0:0: [sda] Attached SCSI disk
[   60.486397] e1000 0000:00:08.0 eth1: (PCI:33MHz:32-bit) 08:00:27:03:bd:12
[   60.486399] e1000 0000:00:08.0 eth1: Intel(R) PRO/1000 Network Connection
[   60.533436] e1000 0000:00:03.0 enp0s3: renamed from eth0
[   60.723148] sd 2:0:1:0: [sdb] Attached SCSI disk
[   60.785553] e1000 0000:00:08.0 enp0s8: renamed from eth1
Begin: Loading e[   62.354496] md: linear personality registered for level -1
ssential drivers[   62.407563] md: multipath personality registered for level -4
 ... [   62.451131] md: raid0 personality registered for level 0
[   62.516525] md: raid1 personality registered for level 1
[   62.682424] raid6: sse2x1   gen()  6371 MB/s
[   62.806535] raid6: sse2x1   xor()  5035 MB/s
[   62.931093] raid6: sse2x2   gen()  8338 MB/s
[   63.038501] raid6: sse2x2   xor()  5378 MB/s
[   63.146477] raid6: sse2x4   gen() 10062 MB/s
[   63.302377] raid6: sse2x4   xor()  7199 MB/s
[   63.467474] raid6: avx2x1   gen() 10286 MB/s
[   63.650887] raid6: avx2x2   gen()  7277 MB/s
[   63.818246] raid6: avx2x4   gen() 16923 MB/s
[   63.835390] raid6: using algorithm avx2x4 gen() 16923 MB/s
[   63.916228] raid6: using avx2x2 recovery algorithm
[   63.949617] xor: automatically using best checksumming function:
[   64.110251]    avx       : 19980.000 MB/sec
[   64.176805] async_tx: api initialized (async)
[   64.213888] md: raid6 personality registered for level 6
[   64.263304] md: raid5 personality registered for level 5
[   64.341726] md: raid4 personality registered for level 4
[   64.425530] md: raid10 personality registered for level 10
done.
Begin: Running /scripts/init-premount ... done.
Begin: Mounti[   64.568457] Btrfs loaded
ng root file system ... Begin: Running /scripts/local-top ... done.
Begin: Running /scripts/loc[   64.702081] EXT4-fs (sda1): mounted filesystem with ordered data mode. Opts: (null)
al-premount ... Scanning for Btrfs filesystems
done.
Warning: fsck not present, so skipping root file system
done.
Begin: Running /scripts/local-bottom ... done.
Begin: Running /scripts/init-bottom ... done.
[   65.167120] systemd[1]: systemd 229 running in system mode. (+PAM +AUDIT +SELINUX +IMA +APPARMOR +SMACK +SYSVINIT +UTMP +LIBCRYPTSETUP +GCRYPT +GNUTLS +ACL +XZ -LZ4 +SECCOMP +BLKID +ELFUTILS +KMOD -IDN)
[   65.460190] systemd[1]: Detected virtualization oracle.
[   65.532827] systemd[1]: Detected architecture x86-64.

Welcome to [1mUbuntu 16.04.3 LTS[0m!

[   65.638778] systemd[1]: Set hostname to <ubuntu>.
[   65.658198] systemd[1]: Initializing machine ID from random generator.
[   65.741854] systemd[1]: Installed transient /etc/machine-id file.
[   65.915739] random: nonblocking pool is initialized
[   66.385641] systemd[1]: Listening on udev Control Socket.
[[0;32m  OK  [0m] Listening on udev Control Socket.
[   66.466745] systemd[1]: Listening on Journal Socket.
[[0;32m  OK  [0m] Listening on Journal Socket.
[   66.586668] systemd[1]: Reached target Swap.
[[0;32m  OK  [0m] Reached target Swap.
[   66.698982] systemd[1]: Set up automount Arbitrary Executable File Formats File System Automount Point.
[[0;32m  OK  [0m] Set up automount Arbitrary Executab...ats File System Automount Point.
[   66.951839] systemd[1]: Listening on udev Kernel Socket.
[[0;32m  OK  [0m] Listening on udev Kernel Socket.
[   67.090892] systemd[1]: Listening on Journal Socket (/dev/log).
[[0;32m  OK  [0m] Listening on Journal Socket (/dev/log).
[   67.202927] systemd[1]: Listening on /dev/initctl Compatibility Named Pipe.
[[0;32m  OK  [0m] Listening on /dev/initctl Compatibility Named Pipe.
[   67.342891] systemd[1]: Listening on LVM2 metadata daemon socket.
[[0;32m  OK  [0m] Listening on LVM2 metadata daemon socket.
[   67.479403] systemd[1]: Listening on Syslog Socket.
[[0;32m  OK  [0m] Listening on Syslog Socket.
[   67.611750] systemd[1]: Listening on LVM2 poll daemon socket.
[[0;32m  OK  [0m] Listening on LVM2 poll daemon socket.
[   67.750886] systemd[1]: Started Forward Password Requests to Wall Directory Watch.
[[0;32m  OK  [0m] Started Forward Password Requests to Wall Directory Watch.
[   67.843035] systemd[1]: Created slice System Slice.
[[0;32m  OK  [0m] Created slice System Slice.
[   67.922706] systemd[1]: Mounting Debug File System...
         Mounting Debug File System...
[   67.983030] systemd[1]: Starting Set console keymap...
         Starting Set console keymap...
[   68.078425] systemd[1]: Starting Nameserver information manager...
         Starting Nameserver information manager...
[   68.186905] systemd[1]: Starting Remount Root and Kernel File Systems...
[   68.194249] EXT4-fs (sda1): re-mounted. Opts: (null)
         Starting Remount Root and Kernel File Systems...
[   68.296303] systemd[1]: Starting Load Kernel Modules...
[   68.31067] Loading iSCSI transport css2.87
         Starting Load Kernel Mo[   68.609943] iscsi: registered transport (tcp)
dules...
[   68.698576] systemd[1]: Starting Create list of required static device nodes for the current kernel...
         Startin[   68.720135] iscsi: registered transport (iser)
g Create list of required st... nodes for the current kernel...
[   68.818772] systemd[1]: Mounting POSIX Message Queue File System...
         Mounting POSIX Message Queue File System...
[   68.955841] systemd[1]: Created slice system-serial\x2dgetty.slice.
[[0;32m  OK  [0m] Created slice system-serial\x2dgetty.slice.
[   69.122941] systemd[1]: Reached target User and Group Name Lookups.
[[0;32m  OK  [0m] Reached target User and Group Name Lookups.
[   69.279343] systemd[1]: Starting Uncomplicated firewall...
         Starting Uncomplicated firewall...
[   69.398773] systemd[1]: Reached target Encrypted Volumes.
[[0;32m  OK  [0m] Reached target Encrypted Volumes.
[   69.507637] systemd[1]: Created slice User and Session Slice.
[[0;32m  OK  [0m] Created slice User and Session Slice.
[   69.615153] systemd[1]: Reached target Slices.
[[0;32m  OK  [0m] Reached target Slices.
[   69.754713] systemd[1]: Mounting Huge Pages File System...
         Mounting Huge Pages File System...
[   69.887292] systemd[1]: Listening on Device-mapper event daemon FIFOs.
[[0;32m  OK  [0m] Listening on Device-mapper event daemon FIFOs.
[   70.025377] systemd[1]: Starting Monitoring of LVM2 mirrors, snapshots etc. using dmeventd or progress polling...
         Starting Monitoring of LVM2 mirrors... dmeventd or progress polling...
[   70.113826] systemd[1]: Listening on Journal Audit Socket.
[[0;32m  OK  [0m] Listening on Journal Audit Socket.
[   70.227079] systemd[1]: Starting Journal Service...
         Starting Journal Service...
[   70.319330] systemd[1]: Started Trigger resolvconf update for networkd DNS.
[[0;32m  OK  [0m] Started Trigger resolvconf update for networkd DNS.
[   70.500553] systemd[1]: Mounted POSIX Message Queue File System.
[[0;32m  OK  [0m] Mounted POSIX Message Queue File System.
[   .6798]ysmd1]: Moted Deg Fie stm.
[[0;32m  OK  [0m] Mounted Debug File System.
[  725990] ysmd1]: Mound Hue geFi Ste
[[0;32m  OK  [0m] Mounted Huge Pages File System.
[ 72039] system[1 Srtd Jorn Svi.
[[0;32m  OK  [0m] Started Journal Service.
[[0;32m  OK  [0m] Started Set console keymap.
[[0;32m  OK  [0m] Started Remount Root and Kernel File Systems.
[[0;32m  OK  [0m] Started Load Kernel Modules.
[[0;32m  OK  [0m] Started Create list of required sta...ce nodes for the current kernel.
[[0;32m  OK  [0m] Started Uncomplicated firewall.
[[0;32m  OK  [0m] Started Nameserver information manager.
[[0;32m  OK  [0m] Started LVM2 metadata daemon.
         Starting Create Static Device Nodes in /dev...
         Mounting FUSE Control File System...
         Starting Apply Kernel Variables...
         Starting Load/Save Random Seed...
         Starting Initial cloud-init job (pre-networking)...
         Starting udev Coldplug all Devices...
         Starting Flush Journal to Persistent Storage...
[[0;32m  OK  [0m] Mounted FUSE Control File System.
[[0;32m  OK  [0m] Started Monitoring of LVM2 mirrors,...ng dmeventd or progress polling.
[[0;32m  OK  [0m] Started Create Static Device Nodes in /dev.
[[0;32m  OK  [0m] Started Apply Kernel Variables.
[[0;32m  OK  [0m] Started Load/Save Random Seed.
[[0;32m  OK  [0m] Started udev Coldplug all Devices.
[[0;32m  OK  [0m] Started Flush Journal to Persistent Storage.
         Starting udev Kernel Device Manager...
[[0;32m  OK  [0m] Started udev Kernel Device Manager.
[[0;32m  OK  [0m] Started Dispatch Password Requests to Console Directory Watch.
[[0;32m  OK  [0m] Reached target Local File Systems (Pre).
[[0;32m  OK  [0m] Reached target Local File Systems.
         Starting Create Volatile Files and Directories...
         Starting Set console font and keymap...
         Starting Tell Plymouth To Write Out Runtime Data...
         Starting Commit a transient machine-id on disk...
         Starting LSB: AppArmor initialization...
[[0;32m  OK  [0m] Started Create Volatile Files and Directories.
[[0;32m  OK  [0m] Started Tell Plymouth To Write Out Runtime Data.
[[0;32m  OK  [0m] Started Commit a transient machine-id on disk.
[[0;32m  OK  [0m] Found device /dev/ttyS0.
         Starting Update UTMP about System Boot/Shutdown...
[[0;32m  OK  [0m] Reached target System Time Synchronized.
[[0;32m  OK  [0m] Started Update UTMP about System Boot/Shutdown.
[[0;32m  OK  [0m] Listening on Load/Save RF Kill Switch Status /dev/rfkill Watch.
[[0;32m  OK  [0m] Started Initial cloud-init job (pre-networking).
[   38.023144] cloud-init[463]: Cloud-init v. 17.1 running 'init-local' at Wed, 31 Jan 2018 21:27:58 +0000. Up 37.15 seconds.
[[0;32m  OK  [0m] Reached target Network (Pre).
[[0;32m  OK  [0m] Started LSB: AppArmor initialization.
         Starting Raise network interfaces...
[[0;32m  OK  [0m] Started Set console font and keymap.
[[0;32m  OK  [0m] Created slice system-getty.slice.
[[0;32m  OK  [0m] Started Raise network interfaces.
         Starting Initial cloud-init job (metadata service crawler)...
[[0;32m  OK  [0m] Reached target Network.
[   42.166454] cloud-init[965]: Cloud-init v. 17.1 running 'init' at Wed, 31 Jan 2018 21:28:01 +0000. Up 40.36 seconds.
[   42.212880] cloud-init[965]: ci-info: ++++++++++++++++++++++++++++++++++++++Net device info++++++++++++++++++++++++++++++++++++++
[   42.250050] cloud-init[965]: ci-info: +--------+-------+----------------------------+---------------+-------+-------------------+
[   42.344647] cloud-init[965]: ci-info: | Device |   Up  |          Address           |      Mask     | Scope |     Hw-Address    |
[[0;32m  OK  [0m] Started Initial cloud-init job (metadata service crawler).
[   42.434294] cloud-init[965]: ci-info: +--------+-------+----------------------------+---------------+-------+-------------------+
[   42.518104] cloud-init[965]: ci-info: | enp0s3 |  True |         10.0.2.15          | 255.255.255.0 |   .   | 02:db:14:78:b4:e6 |
[[0;32m  OK  [0m] Reached target System Initialization.
[[0;32m  OK  [0m] Listening on UUID daemon activation socket.
[   42.558747] cloud-init[965]: ci-info: | enp0s3 |  True | fe80::db:14ff:fe78:b4e6/64 |       .       |  link | 02:db:14:78:b4:e6 |
[   42.672891] cloud-init[965]: ci-info: | enp0s8 | False |             .              |       .       |   .   | 08:00:27:03:bd:12 |
[[0;32m  OK  [0m] Listening on D-Bus System Message Bus Socket.
[   42.733108] cloud-init[965]: ci-info: |   lo   |  True |         127.0.0.1          |   255.0.0.0   |   .   |         .         |
         Starting LXD - unix socket.
[   42.835262] cloud-init[965]: ci-info: |   lo   |  True |          ::1/128           |       .       |  host |         .         |
[   42.852341] cloud-init[965]: ci-info: +--------+-------+----------------------------+---------------+-------+-------------------+
[   42.853652] cloud-init[965]: ci-info: +++++++++++++++++++++++++++Route IPv4 info++++++++++++++++++++++++++++
[   42.853795] cloud-init[965]: ci-info: +-------+-------------+----------+---------------+-----------+-------+
[   42.853889] cloud-init[965]: ci-info: | Route | Destination | Gateway  |    Genmask    | Interface | Flags |
[   42.854002] cloud-init[965]: ci-info: +-------+-------------+----------+---------------+-----------+-------+
[   42.854308] cloud-init[965]: ci-info: |   0   |   0.0.0.0   | 10.0.2.2 |    0.0.0.0    |   enp0s3  |   UG  |
[   42.854439] cloud-init[965]: ci-info: |   1   |   10.0.2.0  | 0.0.0.0  | 255.255.255.0 |   enp0s3  |   U   |
[   42.854670] cloud-init[965]: ci-info: +-------+-------------+----------+---------------+-----------+-------+
[   42.855014] cloud-init[965]: Generating public/private rsa key pair.
[   42.855159] cloud-init[965]: Your identification has been saved in /etc/ssh/ssh_host_rsa_key.
[   42.855316] cloud-init[965]: Your public key has been saved in /etc/ssh/ssh_host_rsa_key.pub.
[   42.855452] cloud-init[965]: The key fingerprint is:
[   42.855584] cloud-init[965]: SHA256:fUo0TGyiyE2ihYlMZj5/vTt5Vf5IYuvFzmL072RMiYA root@ubuntu-xenial
[   42.855734] cloud-init[965]: The key's randomart image is:
[   42.855938] cloud-init[965]: +---[RSA 2048]----+
[   42.856070] cloud-init[965]: |o= o     ..      |
[[0;32m  OK  [0m] Started Daily Cleanup of Temporary Directories.
[[0;32m  OK  [0m] Started Timer to automatically refresh installed snaps.
[[0;32m  OK  [0m] Listening on ACPID Listen Socket.
[   42.856343] cloud-init[965]: |=.o o . .o+      |
[   44.744530] cloud-init[965]: | o + = . E+.     |
[   44.796546] cloud-init[965]: |  + o +  o .... .|
[   44.880555] cloud-init[965]: |   . . .S o +. o |
[   44.880799] cloud-init[965]: |    .   .. B.oo  |
[   44.881725] cloud-init[965]: |       .. = =oo+ |
[   44.881874] cloud-init[965]: |       o.. ++oo. |
[   44.882084] cloud-init[965]: |       .o o..ooo |
[   44.882215] cloud-init[965]: +----[SHA256]-----+
[   44.882402] cloud-init[965]: Generating public/private dsa key pair.
[   44.882707] cloud-init[965]: Your identification has been saved in /etc/ssh/ssh_host_dsa_key.
[   44.882847] cloud-init[965]: Your public key has been saved in /etc/ssh/ssh_host_dsa_key.pub.
[   44.883185] cloud-init[965]: The key fingerprint is:
[   44.883388] cloud-init[965]: SHA256:MWCGFVao00cYSJj2Fze8ri4am4gFXFWq43GFU5ozJzM root@ubuntu-xenial
[   44.883742] cloud-init[965]: The key's randomart image is:
[   44.883891] cloud-init[965]: +---[DSA 1024]----+
[   44.884015] cloud-init[965]: |   +.=XX.        |
[[0;32m  OK  [0m] Started ACPI Events Check.
[[0;32m  OK  [0m] Reached target Paths.
         Starting Socket activation for snappy daemon.
[[0;32m  OK  [0m] Reached target Cloud-config availability.
[   44.884355] cloud-init[965]: |  + ++X.=        |
[   45.972753] [cloud-init[0;32m  OK  [0m[965]: ] | . o E *oo       |Reached target Network is Online.

[   45.974033] cloud-init[965]: |. . = % oo       |
[   46.116834]          cloud-initStarting iSCSI initiator daemon (iscsid)...[965]: 
|.. + + oS        |
[[0;32m  OK  [0m] Started Daily apt download activities.
[[0;32m  OK  [0m] Started Daily apt upgrade and clean activities.
[   46.118305] cloud-init[965]: | .. +   .        |
[   46.400814] cloud-init[965]: |  o.   .         |
[   46.620570] [cloud-init[0;32m  OK  [0m[965]: ] |.o +. .          |Reached target Timers.

[   46.621848] cloud-init[965]: |o +. o.          |
[   46.760757] [cloud-init[0;32m  OK  [0m[965]: ] +----[SHA256]-----+Listening on LXD - unix socket.

[   46.761981] [cloud-init[0;32m  OK  [0m[965]: ] Generating public/private ecdsa key pair.Listening on Socket activation for snappy daemon.

[   47.139094] cloud-init[965]: Your identification has been saved in /etc/ssh/ssh_host_ecdsa_key.
[   47.228645] cloud-init[965]: Your public key has been saved in /etc/ssh/ssh_host_ecdsa_key.pub.
[[0;32m  OK  [0m] Started iSCSI initiator daemon (iscsid).
[   47.343629] cloud-init[965]: The key fingerprint is:
[   47.436642] cloud-init[965]: SHA256:NJpP1LQOWQYUD4bqadgcvPgTXB+xIH/VgTU20ShwTLY root@ubuntu-xenial
[   47.437380] cloud-init[965]: The key's randomart image is:
         Starting Login to default iSCSI targets...
[[   47.437806] cloud-init[965]: +---[ECDSA 256]---+
[   47.646195] cloud-init[965]: |       oB*B+B=   |
[0;32m  OK  [0m] Reached target Sockets.
[   47.646597] cloud-init[965]: |    . o..@=+oo.  |
[   47.777414] cloud-init[965]: |   . + .*+E.     |
[[0;32m  OK  [0m] Reached target Basic System.
[   47.777700] cloud-init[965]: |    + o=++       |
[   47.972772] cloud-init[965]: |   B =ooS..      |
[   47.973490]          cloud-initStarting LSB: MD monitoring daemon...[965]: 
|  o X  o.        |
[   47.974111] cloud-init[965]: |   o .  .        |
[   48.196735] cloud-init[965]: |    o            |
[   48.197481] cloud-init[965]: |     .           |
         Starting /etc/rc.local Compatibility...
[   48.197856] cloud-init[965]: +----[SHA256]-----+
[   48.409463] cloud-init[965]: Generating public/private ed25519 key pair.
[   48.410215] cloud-init[965]: Your identification has been saved in /etc/ssh/ssh_host_ed25519_key.
         Starting Login Service...
[   48.410633] cloud-init[965]: Your public key has been saved in /etc/ssh/ssh_host_ed25519_key.pub.
[   48.705555] cloud-init[965]: The key fingerprint is:
[   48.706327] cloud-init[965]: SHA256:tYeJ5DaY20VfSc9MmD5peVY0tvadnrnmq0fWPbsbTpc root@ubuntu-xenial
         Starting LSB: Record successful boot for GRUB...
[   48.707959] cloud-init[965]: The key's randomart image is:
[   49.044681] cloud-init[965]: +--[ED25519 256]--+
[   49.045363] cloud-init[965]: |              .*o|
[[0;32m  OK  [0m] Started Deferred execution scheduler.
[   49.045725] cloud-init[965]: |             .+*+|
[   49.196620] cloud-init[965]: |        . o  .o==|
[   49.197516] cloud-init[965]: |       = + = .B *|
[[0;32m  OK  [0m] Started FUSE filesystem for LXC.
[   49.197890] cloud-init[965]: |      o S = o. ==|
[   49.389769] cloud-init[965]: |       + o .  .+*|
         Starting System Logging Service...
[   49.390953] cloud-init[965]: |      . .     oE+|
[   49.508674] cloud-init[965]: |              o++|
[[0;32m  OK  [0m] Started D-Bus System Message Bus.
[   49.510255] cloud-init[965]: |             .=B+|
[   49.680764] cloud-init[965]: +----[SHA256]-----+
[[0;32m  OK  [0m] Started Regular background program processing daemon.
         Starting Accounts Service...
         Starting Snappy daemon...
[[0;32m  OK  [0m] Started Unattended Upgrades Shutdown.
         Starting Pollinate to seed the pseudo random number generator...
         Starting Apply the settings specified in cloud-config...
[[0;32m  OK  [0m] Started ACPI event daemon.
         Starting LXD - container startup/shutdown...
[[0;32m  OK  [0m] Started System Logging Service.
[[0;32m  OK  [0m] Started Snappy daemon.
[[0;32m  OK  [0m] Started /etc/rc.local Compatibility.
[[0;32m  OK  [0m] Started LXD - container startup/shutdown.
[[0;32m  OK  [0m] Started Login to default iSCSI targets.
[[0;32m  OK  [0m] Started LSB: MD monitoring daemon.
[[0;32m  OK  [0m] Started LSB: Record successful boot for GRUB.
[[0;32m  OK  [0m] Started Login Service.
         Starting Authenticate and Authorize Users to Run Privileged Tasks...
[[0;32m  OK  [0m] Reached target Remote File Systems (Pre).
[[0;32m  OK  [0m] Reached target Remote File Systems.
         Starting LSB: VirtualBox Linux Additions...
         Starting LSB: automatic crash report generation...
         Starting LSB: Set the CPU Frequency Scaling governor to "ondemand"...
         Starting Permit User Sessions...
         Starting LSB: daemon to balance interrupts for SMP systems...
[[0;32m  OK  [0m] Started Pollinate to seed the pseudo random number generator.
[[0;32m  OK  [0m] Started Permit User Sessions.
[[0;32m  OK  [0m] Started Authenticate and Authorize Users to Run Privileged Tasks.
[[0;32m  OK  [0m] Started Accounts Service.
         Starting Hold until boot process finishes up...
         Starting Terminate Plymouth Boot Screen...
         Starting OpenBSD Secure Shell server...
[[0;32m  OK  [0m] Started LSB: Set the CPU Frequency Scaling governor to "ondemand".
[[0;32m  OK  [0m] Started LSB: automatic crash report generation.
[[0;32m  OK  [0m] Started LSB: daemon to balance interrupts for SMP systems.
[[0;32m  OK  [0m] Started Hold until boot process finishes up.
[[0;32m  OK  [0m] Started LSB: VirtualBox Linux Additions.
[[0;32m  OK  [0m] Started Terminate Plymouth Boot Screen.
[[0;32m  OK  [0m] Started OpenBSD Secure Shell server.
[[0;32m  OK  [0m] Created slice User Slice of vagrant.
         Starting User Manager for UID 1000...
[[0;32m  OK  [0m] Started Session 1 of user vagrant.
         Starting Set console scheme...
[[0;32m  OK  [0m] Started Serial Getty on ttyS0.
[[0;32m  OK  [0m] Started Getty on tty1.
[[0;32m  OK  [0m] Reached target Login Prompts.
[[0;32m  OK  [0m] Reached target Multi-User System.
[   52.351347] [cloud-init[0;32m  OK  [0m[1119]: ] Generating locales (this might take a while)...Reached target Graphical Interface.

         Starting Update UTMP about System Runlevel Changes...
[[0;32m  OK  [0m] Started User Manager for UID 1000.
[[0;32m  OK  [0m] Started Set console scheme.
[[0;32m  OK  [0m] Started Update UTMP about System Runlevel Changes.
[   53.792259] cloud-init[1119]:   en_US.UTF-8... done
[   53.824876] cloud-init[1119]: Generation complete.
[   54.526741] cloud-init[1119]: Cloud-init v. 17.1 running 'modules:config' at Wed, 31 Jan 2018 21:28:13 +0000. Up 51.97 seconds.
[[0;32m  OK  [0m] Started Apply tte settings specified in cloud-config.
         Starting Execute cloud user/final scripts...
         Stopping User Manager for UID 1000...
[[0;32m  OK  [0m] Stopped User Manager for UID 1000.
[[0;32m  OK  [0m] Removed slice User Slice of vagrant.
[[0;32m  OK  [0m] Created slice User Slice of vagrant.
         Starting User Manager for UID 1000...
[[0;32m  OK  [0m] Started User Manager for UID 1000.
[[0;32m  OK  [0m] Started Session 2 of user vagrant.
ci-info: no authorized ssh keys fingerprints found for user ubuntu.
<14>Jan 31 21:28:17 ec2: 
<14>Jan 31 21:28:17 ec2: #############################################################
<14>Jan 31 21:28:17 ec2: -----BEGIN SSH HOST KEY FINGERPRINTS-----
<14>Jan 31 21:28:17 ec2: 1024 SHA256:MWCGFVao00cYSJj2Fze8ri4am4gFXFWq43GFU5ozJzM root@ubuntu-xenial (DSA)
<14>Jan 31 21:28:17 ec2: 256 SHA256:NJpP1LQOWQYUD4bqadgcvPgTXB+xIH/VgTU20ShwTLY root@ubuntu-xenial (ECDSA)
<14>Jan 31 21:28:17 ec2: 256 SHA256:tYeJ5DaY20VfSc9MmD5peVY0tvadnrnmq0fWPbsbTpc root@ubuntu-xenial (ED25519)
<14>Jan 31 21:28:17 ec2: 2048 SHA256:fUo0TGyiyE2ihYlMZj5/vTt5Vf5IYuvFzmL072RMiYA root@ubuntu-xenial (RSA)
<14>Jan 31 21:28:17 ec2: -----END SSH HOST KEY FINGERPRINTS-----
<14>Jan 31 21:28:17 ec2: #############################################################
-----BEGIN SSH HOST KEY KEYS-----
ecdsa-sha2-nistp256 AAAAE2VjZHNhLXNoYTItbmlzdHAyNTYAAAAIbmlzdHAyNTYAAABBBMSVbDpePPTHCh7E9+hiPQxNA0EgRqVR7up9ZXlpcrx1wNz2hzK1ifIxmFHg4Smy/rJf6OWRHH1EnJ0exWHX4wU= root@ubuntu-xenial
ssh-ed25519 AAAAC3NzaC1lZDI1NTE5AAAAIK9LVSNVvvAQQ10MQXgQh2f3/6S9TLamyTkHdfP5Yywc root@ubuntu-xenial
ssh-rsa AAAAB3NzaC1yc2EAAAADAQABAAABAQDk1j4Ti6IC60K7v9XTrMPxuySRUmxdaIsHSndxM03PFtku/UZNT382KxZcuUw44v3zvpl8J03iN673bpE6qhLSpk+IJiT93eFA4WOqkxvFK/OqFHedbsFfHXT3fu+3bm6O3Ua3TiukTLBJGbWBWJ4F+d6ppXEl9GvalY2jwZbOe3ukflxduufLExS8eo5vwRQKQVycZEOI1xGZ/8w9nq4rFaZM0sIopA13dTmdFYg+0gdnAPa/9QEiriJZI2wllcFyM0ESrDi6zWCOFJswh19A15gT9WWC+RPQI6o3y/eeF6Q5JtF/+1FjbKQ7CwQedi/HYXoViSAc5ucL/XnkHb4z root@ubuntu-xenial
-----END SSH HOST KEY KEYS-----
[   57.167097] cloud-init[1472]: Cloud-init v. 17.1 running 'modules:final' at Wed, 31 Jan 2018 21:28:17 +0000. Up 55.43 seconds.
[   57.316829] [   57.318231] cloud-init[1472]: Cloud-init v. 17.1 finished at Wed, 31 Jan 2018 21:28:18 +0000. Datasource DataSourceNoCloud [seed=/dev/sdb][dsmode=net].  Up 57.14 seconds

Ubuntu 16.04.3 LTS ubuntu-xenial ttyS0

ubuntu-xenial login: 